// Jest Snapshot v1, https://goo.gl/fbAQLP

exports[`NotesContainer should match component snapshot 1`] = `undefined`;
