// Jest Snapshot v1, https://goo.gl/fbAQLP

exports[`ListForm should match component snapshot 1`] = `ShallowWrapper {}`;
